shell_ip.c:3699:17:SHELL_SearchInterfaceById	0	static
shell_ip.c:5469:15:SHELL_GetNeighborsIpAddr	32	static
shell_ip.c:1435:15:SHELL_Identify	8	static
shell_ip.c:1574:13:SHELL_InterruptCb	8	static
shell_ip.c:3272:13:SHELL_PrintStatus	8	static
shell_ip.c:3423:13:SHELL_PrintNeighborState	8	static
shell_ip.c:3577:13:SHELL_PrintBuff	16	static
shell_ip.c:3599:13:SHELL_ReadBuff	24	static
shell_ip.c:5346:13:SHELL_Filtering_Print	48	static
shell_ip.c:3530:13:SHELL_PrintNwkCapabilities	24	static
shell_ip.c:3481:13:SHELL_PrintDevType	24	static
shell_ip.c:3463:13:SHELL_PrintDevRole	24	static
shell_ip.c:1371:13:SHELL_Resume	8	static
shell_ip.c:5214:15:SHELL_Filter	40	static
shell_ip.c:1980:15:SHELL_FactoryResetReq	8	static
shell_ip.c:1415:15:SHELL_Reboot	8	static
shell_ip.c:3626:15:SHELL_ReadIPv6Addr	8	static
shell_ip.c:3728:15:SHELL_CoapSend	104	static
shell_ip.c:5521:6:SHELL_MgmtDiagnosticAppCb	96	static
shell_ip.c:3973:13:SHELL_CoapAckReceive	80	static
shell_ip.c:5162:15:SHELL_SendDns	24	static
shell_ip.c:4476:13:PING_TimerCallback	8	static
shell_ip.c:1542:13:SHELL_ProcessCb	24	static
shell_ip.c:4571:13:PING_RetransmitCallback	8	static
shell_ip.c:4647:13:PING_SendPing	16	static
shell_ip.c:3664:23:SHELL_SearchInterfaceByName	24	static
shell_ip.c:4272:21:PING_CreatePktInfo	24	static
shell_ip.c:4065:15:SHELL_Ping	24	static
shell_ip.c:4491:13:PING_HandleTimerCallback	16	static
shell_ip.c:4587:13:PING_RetransmitHandle	16	static
shell_ip.c:1107:6:PING_EchoReplyReceiveAsync	16	static
shell_ip.c:4763:15:SHELL_MulticastGroups	96	static
shell_ip.c:1933:13:SHELL_PrintFirewallRules	72	static
shell_ip.c:1836:15:SHELL_IpFirewall	64	static
shell_ip.c:1777:13:SHELL_PrintIPv6Routes	72	static
shell_ip.c:1708:15:SHELL_Routes	64	static
shell_ip.c:3147:13:SHELL_ThrStopCommissioner	8	static
shell_ip.c:3131:13:SHELL_ThrStartCommissioner	8	static
shell_ip.c:3063:13:SHELL_ThrNwkJoin	8	static
shell_ip.c:3099:13:SHELL_ThrNwkCreate	8	static
shell_ip.c:3162:13:SHELL_PrintJoinersTbl	24	static
shell_ip.c:2001:15:SHELL_ThrCommands	160	static
shell_ip.c:3203:13:SHELL_PrintRoutingTbl	24	static
shell_ip.c:3294:13:SHELL_PrintParentInfo	16	static
shell_ip.c:3325:13:SHELL_PrintNeighborTbl	40	static
shell_ip.c:3383:13:SHELL_PrintNeighborInfo	16	static
shell_ip.c:3506:13:SHELL_PrintActiveTimestamp	40	static
shell_ip.c:1454:13:SHELL_Process	112	static
shell_ip.c:4372:13:PING_EchoReplyReceive	32	static
shell_ip.c:1129:6:SHELL_DnsNdDataService	96	static
shell_ip.c:1225:6:SHELL_DnsService	64	static
shell_ip.c:771:6:SHELLComm_Init	8	static
shell_ip.c:798:6:SHELL_PrintIpAddr	104	static
shell_ip.c:1604:15:SHELL_Ifconfig	40	static
shell_ip.c:923:6:SHELL_EvMonitorInit	8	static
shell_ip.c:942:6:SHELL_EvMonitor	16	static
shell_ip.c:1056:6:SHELL_NwkScanPrint	24	static
