fsl_os_abstraction_free_rtos.c:1036:14:osObjectAlloc	0	static
fsl_os_abstraction_free_rtos.c:1067:15:osObjectIsAllocated	8	static
fsl_os_abstraction_free_rtos.c:1101:13:osObjectFree	8	static
fsl_os_abstraction_free_rtos.c:123:6:startup_task	8	static
fsl_os_abstraction_free_rtos.c:576:13:OSA_EventSet	24	static
fsl_os_abstraction_free_rtos.c:135:13:OSA_TaskGetId	8	static
fsl_os_abstraction_free_rtos.c:147:13:OSA_TaskYield	8	static
fsl_os_abstraction_free_rtos.c:159:19:OSA_TaskGetPriority	8	static
fsl_os_abstraction_free_rtos.c:170:13:OSA_TaskSetPriority	8	static
fsl_os_abstraction_free_rtos.c:185:13:OSA_TaskCreate	32	static
fsl_os_abstraction_free_rtos.c:212:13:OSA_TaskDestroy	16	static
fsl_os_abstraction_free_rtos.c:236:6:OSA_TimeDelay	8	static
fsl_os_abstraction_free_rtos.c:246:10:OSA_TimeGetMsec	8	static
fsl_os_abstraction_free_rtos.c:268:18:OSA_SemaphoreCreate	8	static
fsl_os_abstraction_free_rtos.c:288:13:OSA_SemaphoreDestroy	8	static
fsl_os_abstraction_free_rtos.c:317:13:OSA_SemaphoreWait	8	static
fsl_os_abstraction_free_rtos.c:361:13:OSA_SemaphorePost	16	static
fsl_os_abstraction_free_rtos.c:412:14:OSA_MutexCreate	8	static
fsl_os_abstraction_free_rtos.c:433:13:OSA_MutexLock	16	static
fsl_os_abstraction_free_rtos.c:479:13:OSA_MutexUnlock	16	static
fsl_os_abstraction_free_rtos.c:514:13:OSA_MutexDestroy	8	static
fsl_os_abstraction_free_rtos.c:621:13:OSA_EventClear	16	static
fsl_os_abstraction_free_rtos.c:668:13:OSA_EventWait	32	static
fsl_os_abstraction_free_rtos.c:767:13:OSA_MsgQCreate	0	static
fsl_os_abstraction_free_rtos.c:789:13:OSA_MsgQPut	0	static
fsl_os_abstraction_free_rtos.c:844:13:OSA_MsgQGet	0	static
fsl_os_abstraction_free_rtos.c:887:13:OSA_MsgQDestroy	0	static
fsl_os_abstraction_free_rtos.c:910:6:OSA_InterruptEnable	8	static
fsl_os_abstraction_free_rtos.c:933:6:OSA_InterruptDisable	8	static
fsl_os_abstraction_free_rtos.c:537:14:OSA_EventCreate	16	static
fsl_os_abstraction_free_rtos.c:735:13:OSA_EventDestroy	8	static
fsl_os_abstraction_free_rtos.c:958:6:OSA_EnableIRQGlobal	0	static
fsl_os_abstraction_free_rtos.c:978:6:OSA_DisableIRQGlobal	0	static
fsl_os_abstraction_free_rtos.c:993:6:OSA_InstallIntHandler	8	static
fsl_os_abstraction_free_rtos.c:1011:5:main	8	static
