router_eligible_device_app.c:515:13:APP_ThrNwkJoin	8	static
router_eligible_device_app.c:787:13:APP_JoinEventsHandler	8	static
router_eligible_device_app.c:533:13:App_JoinTimerCallback	8	static
router_eligible_device_app.c:668:13:APP_AppModeHandleKeyboard	8	static
router_eligible_device_app.c:763:13:App_UpdateStateLeds	8	static
router_eligible_device_app.c:554:13:APP_ConfigModeSwShortPressHandler	8	static
router_eligible_device_app.c:625:13:APP_ConfigModeHandleKeyboard	8	static
router_eligible_device_app.c:737:13:App_HandleKeyboard	8	static
router_eligible_device_app.c:1433:13:App_RestoreLeaderLed	8	static
router_eligible_device_app.c:1123:13:APP_LocalDataSinkRelease	24	static
router_eligible_device_app.c:922:20:APP_SendDataSinkCommand	32	static
router_eligible_device_app.c:973:13:APP_SendDataSinkRelease	24	static
router_eligible_device_app.c:835:13:APP_CoapGenericCallback	8	static
router_eligible_device_app.c:1351:13:APP_CoapSinkCb	16	static
router_eligible_device_app.c:1176:13:APP_ProcessLedCmd	24	static
router_eligible_device_app.c:997:13:APP_SendLedCommand	24	static
router_eligible_device_app.c:1105:13:APP_SendLedColorWheel	32	static
router_eligible_device_app.c:1088:13:APP_SendLedFlash	16	static
router_eligible_device_app.c:1071:13:APP_SendLedRgbOff	40	static
router_eligible_device_app.c:1146:13:APP_CoapLedCb	16	static
router_eligible_device_app.c:1040:13:APP_SendLedRgbOn	56	static
router_eligible_device_app.c:873:13:APP_ReportTemp	24	static
router_eligible_device_app.c:951:13:APP_SendDataSinkCreate	16	static
router_eligible_device_app.c:488:13:APP_InitCoapDemo	88	static
router_eligible_device_app.c:1383:13:APP_CoapAccelCb	184	static
router_eligible_device_app.c:1280:13:APP_CoapTempCb	88	static
router_eligible_device_app.c:183:6:APP_Init	8	static
router_eligible_device_app.c:245:6:APP_Handler	8	static
router_eligible_device_app.c:270:6:APP_NwkScanHandler	16	static
router_eligible_device_app.c:296:6:Stack_to_APP_Handler	16	static
router_eligible_device_app.c:404:6:APP_Commissioning_Handler	72	static
router_eligible_device_app.c:472:6:App_RestoreLeaderLedCb	8	static
