16:42:31 **** Build of configuration Debug for project frdmkw41z_wireless_examples_thread_router_eligible_device_freertos_router ****
make -r -j4 all 
Building target: frdmkw41z_wireless_examples_thread_router_eligible_device_freertos_router.axf
Invoking: MCU Linker
arm-none-eabi-gcc -L"C:\P4\frdmkw41z_wireless_examples_thread_router_eligible_device_freertos_router\libs" -Xlinker -Map="frdmkw41z_wireless_examples_thread_router_eligible_device_freertos_router.map" -Xlinker --gc-sections -Xlinker -print-memory-usage -Xlinker --sort-section=alignment -Xlinker --cref -mcpu=cortex-m0plus -mthumb -T MKW41Z512xxx4_connectivity.ld -L ../source -o "frdmkw41z_wireless_examples_thread_router_eligible_device_freertos_router.axf"  ./utilities/fsl_debug_console.o  ./startup/startup_MKW41Z4.o  ./source/mtb.o ./source/router_eligible_device_app.o ./source/semihost_hardfault.o  ./nwk_ip/core/source/http/http.o ./nwk_ip/core/source/http/http_client.o ./nwk_ip/core/source/http/http_server.o  ./nwk_ip/base/utils/debug_log.o ./nwk_ip/base/utils/mac_abs_802154.o ./nwk_ip/base/utils/mac_filtering.o ./nwk_ip/base/utils/nv_data.o ./nwk_ip/base/utils/nvm_adapter.o  ./nwk_ip/base/thread_config/thread_config.o  ./nwk_ip/base/thci/thci.o  ./nwk_ip/base/stack_globals/arp_globals.o ./nwk_ip/base/stack_globals/coap_globals.o ./nwk_ip/base/stack_globals/dhcp_globals.o ./nwk_ip/base/stack_globals/dns_globals.o ./nwk_ip/base/stack_globals/dtls_globals.o ./nwk_ip/base/stack_globals/event_manager_globals.o ./nwk_ip/base/stack_globals/icmp_globals.o ./nwk_ip/base/stack_globals/ip_globals.o ./nwk_ip/base/stack_globals/mdns_globals.o ./nwk_ip/base/stack_globals/mle_globals.o ./nwk_ip/base/stack_globals/mpl_globals.o ./nwk_ip/base/stack_globals/nd_globals.o ./nwk_ip/base/stack_globals/sixlowpan_globals.o ./nwk_ip/base/stack_globals/sockets_globals.o ./nwk_ip/base/stack_globals/tcp_globals.o ./nwk_ip/base/stack_globals/thread_globals.o ./nwk_ip/base/stack_globals/trickle_globals.o ./nwk_ip/base/stack_globals/udp_globals.o  ./nwk_ip/base/shell/shell_ip.o  ./nwk_ip/base/ip_media_if/ip_if_6lo.o ./nwk_ip/base/ip_media_if/ip_if_enet.o ./nwk_ip/base/ip_media_if/ip_if_loopback.o ./nwk_ip/base/ip_media_if/ip_if_usbenet.o  ./nwk_ip/app/common/app_coap_observe.o ./nwk_ip/app/common/app_echo_udp.o ./nwk_ip/app/common/app_event_monitoring.o ./nwk_ip/app/common/app_init.o ./nwk_ip/app/common/app_led.o ./nwk_ip/app/common/app_observe_demo.o ./nwk_ip/app/common/app_socket_utils.o ./nwk_ip/app/common/app_temp_sensor.o ./nwk_ip/app/common/app_thread_callbacks.o ./nwk_ip/app/common/app_thread_init.o  ./ieee_802.15.4/phy/source/MKW41Z/ASP.o ./ieee_802.15.4/phy/source/MKW41Z/MPM.o ./ieee_802.15.4/phy/source/MKW41Z/PhyISR.o ./ieee_802.15.4/phy/source/MKW41Z/PhyPacketProcessor.o ./ieee_802.15.4/phy/source/MKW41Z/PhyPlmeData.o ./ieee_802.15.4/phy/source/MKW41Z/PhyStateMachine.o ./ieee_802.15.4/phy/source/MKW41Z/PhyTime.o  ./ieee_802.15.4/mac/source/App/FsciAspCommands.o ./ieee_802.15.4/mac/source/App/FsciMacCommands.o ./ieee_802.15.4/mac/source/App/MacGlobals.o  ./freertos/croutine.o ./freertos/event_groups.o ./freertos/fsl_tickless_lptmr.o ./freertos/fsl_tickless_systick.o ./freertos/heap_4.o ./freertos/list.o ./freertos/port.o ./freertos/queue.o ./freertos/tasks.o ./freertos/timers.o  ./framework/XCVR/MKW41Z4/cfgs_kw4x_3x_2x/fsl_xcvr_ant_config.o ./framework/XCVR/MKW41Z4/cfgs_kw4x_3x_2x/fsl_xcvr_ble_config.o ./framework/XCVR/MKW41Z4/cfgs_kw4x_3x_2x/fsl_xcvr_common_config.o ./framework/XCVR/MKW41Z4/cfgs_kw4x_3x_2x/fsl_xcvr_gfsk_bt_0p3_h_0p5_config.o ./framework/XCVR/MKW41Z4/cfgs_kw4x_3x_2x/fsl_xcvr_gfsk_bt_0p5_h_0p32_config.o ./framework/XCVR/MKW41Z4/cfgs_kw4x_3x_2x/fsl_xcvr_gfsk_bt_0p5_h_0p5_config.o ./framework/XCVR/MKW41Z4/cfgs_kw4x_3x_2x/fsl_xcvr_gfsk_bt_0p5_h_0p7_config.o ./framework/XCVR/MKW41Z4/cfgs_kw4x_3x_2x/fsl_xcvr_gfsk_bt_0p5_h_1p0_config.o ./framework/XCVR/MKW41Z4/cfgs_kw4x_3x_2x/fsl_xcvr_gfsk_bt_0p7_h_0p5_config.o ./framework/XCVR/MKW41Z4/cfgs_kw4x_3x_2x/fsl_xcvr_mode_datarate_config.o ./framework/XCVR/MKW41Z4/cfgs_kw4x_3x_2x/fsl_xcvr_msk_config.o ./framework/XCVR/MKW41Z4/cfgs_kw4x_3x_2x/fsl_xcvr_zgbe_config.o  ./framework/XCVR/MKW41Z4/dbg_ram_capture.o ./framework/XCVR/MKW41Z4/fsl_xcvr.o ./framework/XCVR/MKW41Z4/fsl_xcvr_trim.o ./framework/XCVR/MKW41Z4/ifr_radio.o  ./framework/TimersManager/Source/TMR_Adapter.o ./framework/TimersManager/Source/TimersManager.o  ./framework/Shell/Source/shell.o ./framework/Shell/Source/shell_autocomplete.o ./framework/Shell/Source/shell_cmdhelp.o ./framework/Shell/Source/shell_cmdhist.o  ./framework/SerialManager/Source/UART_Adapter/UART_Adapter.o  ./framework/SerialManager/Source/SPI_Adapter/SPI_Adapter.o  ./framework/SerialManager/Source/I2C_Adapter/I2C_Adapter.o  ./framework/SerialManager/Source/SerialManager.o  ./framework/SecLib/SecLib.o  ./framework/Reset/Reset.o  ./framework/RNG/Source/RNG.o  ./framework/Panic/Source/Panic.o  ./framework/OSAbstraction/Source/fsl_os_abstraction_free_rtos.o  ./framework/NVM/Source/NV_Flash.o ./framework/NVM/Source/NV_FsciCommands.o  ./framework/ModuleInfo/ModuleInfo.o  ./framework/Messaging/Source/Messaging.o  ./framework/MemManager/Source/MemManager.o  ./framework/MWSCoexistence/Source/MWS.o  ./framework/LowPower/Source/MKW41Z/PWR.o ./framework/LowPower/Source/MKW41Z/PWRLib.o  ./framework/Lists/GenericList.o  ./framework/LED/Source/LED.o  ./framework/Keyboard/Source/Keyboard.o  ./framework/GPIO/GPIO_Adapter.o  ./framework/FunctionLib/FunctionLib.o  ./framework/Flash/Internal/Flash_Adapter.o  ./framework/FSCI/Source/FsciCommands.o ./framework/FSCI/Source/FsciCommunication.o ./framework/FSCI/Source/FsciLogging.o ./framework/FSCI/Source/FsciMain.o  ./framework/DCDC/Source/DCDC.o  ./drivers/fsl_adc16.o ./drivers/fsl_clock.o ./drivers/fsl_common.o ./drivers/fsl_dspi.o ./drivers/fsl_dspi_freertos.o ./drivers/fsl_flash.o ./drivers/fsl_gpio.o ./drivers/fsl_i2c.o ./drivers/fsl_i2c_freertos.o ./drivers/fsl_llwu.o ./drivers/fsl_lptmr.o ./drivers/fsl_lpuart.o ./drivers/fsl_lpuart_freertos.o ./drivers/fsl_ltc.o ./drivers/fsl_pmc.o ./drivers/fsl_rtc.o ./drivers/fsl_smc.o ./drivers/fsl_tpm.o ./drivers/fsl_trng.o ./drivers/fsl_tsi_v4.o  ./board/board.o ./board/clock_config.o ./board/gpio_pins.o ./board/pin_mux.o  ./CMSIS/system_MKW41Z4.o   -lm -lc -lgcc -lnosys -l_crypto_m0 -l802.15.4_mac_thr_cm0 -l_thread_cm0
Memory region         Used Size  Region Size  %age Used
    TEXT_region1:         192 B         1 KB     18.75%
m_flash_config_region:          16 B         16 B    100.00%
    TEXT_region2:      346183 B     455662 B     75.97%
      NVM_region:       65535 B      65535 B    100.00%
    DATA1_region:          0 GB        32 KB      0.00%
    DATA2_region:       61624 B        96 KB     62.69%
PRODUCT_INFO_region:          0 GB       2047 B      0.00%
Finished building target: frdmkw41z_wireless_examples_thread_router_eligible_device_freertos_router.axf
 
make --no-print-directory post-build
Performing post-build steps
arm-none-eabi-size "frdmkw41z_wireless_examples_thread_router_eligible_device_freertos_router.axf"; # arm-none-eabi-objcopy -v -O binary "frdmkw41z_wireless_examples_thread_router_eligible_device_freertos_router.axf" "frdmkw41z_wireless_examples_thread_router_eligible_device_freertos_router.bin" ; # checksum -p MKW41Z512xxx4 -d "frdmkw41z_wireless_examples_thread_router_eligible_device_freertos_router.bin";
   text	   data	    bss	    dec	    hex	filename
 346364	  69315	  57856	 473535	  739bf	frdmkw41z_wireless_examples_thread_router_eligible_device_freertos_router.axf
 

16:42:34 Build Finished. 0 errors, 0 warnings. (took 2s.427ms)

